------------------------------------------------------------------------------------------------------------------------

[2025-04-02 14:34:19 #1 store] 
Database 'C:\Users\iniga\OneDrive\Escritorio\it1.2\Rides24\src\main\resources\rides.temp' is opened by 16464@inigo7

[2025-04-02 14:34:20 #2 type.registry] 
New type domain.Driver

[2025-04-02 14:34:20 #3 type] 
Type domain.Driver is not enhanced.

[2025-04-02 14:34:20 #4 type.registry] 
New type domain.Vehicle

[2025-04-02 14:34:20 #5 type.registry] 
New type domain.Ride

[2025-04-02 14:34:20 #6 type] 
Type domain.Vehicle is not enhanced.

[2025-04-02 14:34:20 #7 type] 
Type domain.Ride is not enhanced.

[2025-04-02 14:34:20 #8 type.registry] 
New type domain.User

[2025-04-02 14:34:20 #9 type.registry] 
New type domain.Reservation

[2025-04-02 14:34:20 #10 type] 
Type domain.User is not enhanced.

[2025-04-02 14:34:20 #11 type.registry] 
New type domain.Rating

[2025-04-02 14:34:20 #12 type] 
Type domain.Reservation is not enhanced.

[2025-04-02 14:34:20 #13 type.registry] 
New type domain.ReservationStatus

[2025-04-02 14:34:20 #14 type] 
Type domain.Rating is not enhanced.

[2025-04-02 14:34:20 #15 type.registry] 
New type java.util.Vector<java.lang.Object>

[2025-04-02 14:34:20 #16 type.registry] 
New type java.util.ArrayList<java.lang.Object>

[2025-04-02 14:34:20 #17 type.registry] 
New type java.util.Vector<domain.Ride>

[2025-04-02 14:34:20 #18 type.registry] 
New type java.util.ArrayList<domain.Reservation>

------------------------------------------------------------------------------------------------------------------------

[2025-04-02 14:44:22 #1 store] 
Database 'C:\Users\iniga\OneDrive\Escritorio\it1.2\Rides24\src\main\resources\rides.temp' is opened by 20136@inigo7

[2025-04-02 14:44:22 #2 type.registry] 
New type domain.Driver

[2025-04-02 14:44:22 #3 type] 
Type domain.Driver is not enhanced.

[2025-04-02 14:44:22 #4 type.registry] 
New type domain.Vehicle

[2025-04-02 14:44:22 #5 type.registry] 
New type domain.Ride

[2025-04-02 14:44:22 #6 type] 
Type domain.Vehicle is not enhanced.

[2025-04-02 14:44:22 #7 type] 
Type domain.Ride is not enhanced.

[2025-04-02 14:44:22 #8 type.registry] 
New type domain.User

[2025-04-02 14:44:22 #9 type.registry] 
New type domain.Reservation

[2025-04-02 14:44:22 #10 type] 
Type domain.User is not enhanced.

[2025-04-02 14:44:22 #11 type.registry] 
New type domain.Rating

[2025-04-02 14:44:22 #12 type] 
Type domain.Reservation is not enhanced.

[2025-04-02 14:44:22 #13 type.registry] 
New type domain.ReservationStatus

[2025-04-02 14:44:22 #14 type] 
Type domain.Rating is not enhanced.

[2025-04-02 14:44:22 #15 type.registry] 
New type java.util.Vector<java.lang.Object>

[2025-04-02 14:44:22 #16 type.registry] 
New type java.util.ArrayList<java.lang.Object>

[2025-04-02 14:44:22 #17 type.registry] 
New type java.util.Vector<domain.Ride>

[2025-04-02 14:44:22 #18 type.registry] 
New type java.util.ArrayList<domain.Reservation>

------------------------------------------------------------------------------------------------------------------------

[2025-04-02 14:57:16 #1 store] 
Database 'C:\Users\iniga\OneDrive\Escritorio\it1.2\Rides24\src\main\resources\rides.temp' is opened by 18132@inigo7

[2025-04-02 14:57:16 #2 type.registry] 
New type domain.Driver

[2025-04-02 14:57:16 #3 type] 
Type domain.Driver is not enhanced.

[2025-04-02 14:57:16 #4 type.registry] 
New type domain.Vehicle

[2025-04-02 14:57:16 #5 type.registry] 
New type domain.Ride

[2025-04-02 14:57:16 #6 type] 
Type domain.Vehicle is not enhanced.

[2025-04-02 14:57:16 #7 type] 
Type domain.Ride is not enhanced.

[2025-04-02 14:57:16 #8 type.registry] 
New type domain.User

[2025-04-02 14:57:16 #9 type.registry] 
New type domain.Reservation

[2025-04-02 14:57:16 #10 type] 
Type domain.User is not enhanced.

[2025-04-02 14:57:16 #11 type.registry] 
New type domain.Rating

[2025-04-02 14:57:16 #12 type] 
Type domain.Reservation is not enhanced.

[2025-04-02 14:57:16 #13 type.registry] 
New type domain.ReservationStatus

[2025-04-02 14:57:16 #14 type] 
Type domain.Rating is not enhanced.

[2025-04-02 14:57:16 #15 type.registry] 
New type java.util.Vector<java.lang.Object>

[2025-04-02 14:57:16 #16 type.registry] 
New type java.util.ArrayList<java.lang.Object>

[2025-04-02 14:57:16 #17 type.registry] 
New type java.util.Vector<domain.Ride>

[2025-04-02 14:57:16 #18 type.registry] 
New type java.util.ArrayList<domain.Reservation>

------------------------------------------------------------------------------------------------------------------------

[2025-04-02 14:58:52 #1 store] 
Database 'C:\Users\iniga\OneDrive\Escritorio\it1.2\Rides24\src\main\resources\rides.temp' is opened by 15488@inigo7

[2025-04-02 14:58:52 #2 type.registry] 
New type domain.Driver

[2025-04-02 14:58:52 #3 type] 
Type domain.Driver is not enhanced.

[2025-04-02 14:58:52 #4 type.registry] 
New type domain.Vehicle

[2025-04-02 14:58:52 #5 type.registry] 
New type domain.Ride

[2025-04-02 14:58:52 #6 type] 
Type domain.Vehicle is not enhanced.

[2025-04-02 14:58:52 #7 type] 
Type domain.Ride is not enhanced.

[2025-04-02 14:58:52 #8 type.registry] 
New type domain.User

[2025-04-02 14:58:52 #9 type.registry] 
New type domain.Reservation

[2025-04-02 14:58:52 #10 type] 
Type domain.User is not enhanced.

[2025-04-02 14:58:52 #11 type.registry] 
New type domain.Rating

[2025-04-02 14:58:52 #12 type] 
Type domain.Reservation is not enhanced.

[2025-04-02 14:58:52 #13 type.registry] 
New type domain.ReservationStatus

[2025-04-02 14:58:52 #14 type] 
Type domain.Rating is not enhanced.

[2025-04-02 14:58:52 #15 type.registry] 
New type java.util.Vector<java.lang.Object>

[2025-04-02 14:58:52 #16 type.registry] 
New type java.util.ArrayList<java.lang.Object>

[2025-04-02 14:58:52 #17 type.registry] 
New type java.util.Vector<domain.Ride>

[2025-04-02 14:58:52 #18 type.registry] 
New type java.util.ArrayList<domain.Reservation>

------------------------------------------------------------------------------------------------------------------------

[2025-04-02 15:26:24 #1 store] 
Database 'C:\Users\iniga\OneDrive\Escritorio\it1.2\Rides24\src\main\resources\rides.temp' is opened by 4976@inigo7

[2025-04-02 15:26:24 #2 type.registry] 
New type domain.Driver

[2025-04-02 15:26:24 #3 type] 
Type domain.Driver is not enhanced.

[2025-04-02 15:26:24 #4 type.registry] 
New type domain.Vehicle

[2025-04-02 15:26:24 #5 type.registry] 
New type domain.Ride

[2025-04-02 15:26:24 #6 type] 
Type domain.Vehicle is not enhanced.

[2025-04-02 15:26:24 #7 type] 
Type domain.Ride is not enhanced.

[2025-04-02 15:26:24 #8 type.registry] 
New type domain.User

[2025-04-02 15:26:24 #9 type.registry] 
New type domain.Reservation

[2025-04-02 15:26:24 #10 type] 
Type domain.User is not enhanced.

[2025-04-02 15:26:24 #11 type.registry] 
New type domain.Rating

[2025-04-02 15:26:24 #12 type] 
Type domain.Reservation is not enhanced.

[2025-04-02 15:26:24 #13 type.registry] 
New type domain.ReservationStatus

[2025-04-02 15:26:24 #14 type] 
Type domain.Rating is not enhanced.

[2025-04-02 15:26:24 #15 type.registry] 
New type java.util.Vector<java.lang.Object>

[2025-04-02 15:26:24 #16 type.registry] 
New type java.util.ArrayList<java.lang.Object>

[2025-04-02 15:26:24 #17 type.registry] 
New type java.util.Vector<domain.Ride>

[2025-04-02 15:26:24 #18 type.registry] 
New type java.util.ArrayList<domain.Reservation>

