------------------------------------------------------------------------------------------------------------------------

[2025-03-05 15:19:31 #1 store] 
Database 'C:\Users\iniga\OneDrive\Escritorio\Rides24-master\Rides24-master\src\main\resources\rides.temp' is opened by 16680@inigo7

[2025-03-05 15:19:31 #2 type.registry] 
New type domain.Driver

[2025-03-05 15:19:31 #3 type] 
Type domain.Driver is not enhanced.

[2025-03-05 15:19:31 #4 type.registry] 
New type domain.Ride

[2025-03-05 15:19:31 #5 type] 
Type domain.Ride is not enhanced.

[2025-03-05 15:19:31 #6 type.registry] 
New type java.util.Vector<java.lang.Object>

[2025-03-05 15:19:31 #7 type.registry] 
New type java.util.Vector<domain.Ride>

------------------------------------------------------------------------------------------------------------------------

[2025-03-05 16:31:34 #1 store] 
Database 'C:\Users\iniga\OneDrive\Escritorio\Rides24-master\Rides24-master\src\main\resources\rides.temp' is opened by 23348@inigo7

[2025-03-05 16:31:34 #2 type.registry] 
New type domain.Driver

[2025-03-05 16:31:34 #3 type] 
Type domain.Driver is not enhanced.

[2025-03-05 16:31:34 #4 type.registry] 
New type domain.Ride

[2025-03-05 16:31:34 #5 type] 
Type domain.Ride is not enhanced.

[2025-03-05 16:31:34 #6 type.registry] 
New type java.util.Vector<java.lang.Object>

[2025-03-05 16:31:34 #7 type.registry] 
New type java.util.Vector<domain.Ride>

------------------------------------------------------------------------------------------------------------------------

[2025-03-05 16:35:29 #1 store] 
Database 'C:\Users\iniga\OneDrive\Escritorio\Rides24-master\Rides24-master\src\main\resources\rides.temp' is opened by 15964@inigo7

[2025-03-05 16:35:30 #2 type.registry] 
New type domain.Driver

[2025-03-05 16:35:30 #3 type] 
Type domain.Driver is not enhanced.

[2025-03-05 16:35:30 #4 type.registry] 
New type domain.Ride

[2025-03-05 16:35:30 #5 type] 
Type domain.Ride is not enhanced.

[2025-03-05 16:35:30 #6 type.registry] 
New type java.util.Vector<java.lang.Object>

[2025-03-05 16:35:30 #7 type.registry] 
New type java.util.Vector<domain.Ride>

------------------------------------------------------------------------------------------------------------------------

[2025-03-05 16:39:13 #1 store] 
Database 'C:\Users\iniga\OneDrive\Escritorio\Rides24-master\Rides24-master\src\main\resources\rides.temp' is opened by 32080@inigo7

[2025-03-05 16:39:13 #2 type.registry] 
New type domain.Driver

[2025-03-05 16:39:13 #3 type] 
Type domain.Driver is not enhanced.

[2025-03-05 16:39:13 #4 type.registry] 
New type domain.Ride

[2025-03-05 16:39:13 #5 type] 
Type domain.Ride is not enhanced.

[2025-03-05 16:39:13 #6 type.registry] 
New type java.util.Vector<java.lang.Object>

[2025-03-05 16:39:13 #7 type.registry] 
New type java.util.Vector<domain.Ride>

------------------------------------------------------------------------------------------------------------------------

[2025-03-05 16:42:34 #1 store] 
Database 'C:\Users\iniga\OneDrive\Escritorio\Rides24-master\Rides24-master\src\main\resources\rides.temp' is opened by 33364@inigo7

[2025-03-05 16:42:34 #2 type.registry] 
New type domain.Driver

[2025-03-05 16:42:34 #3 type] 
Type domain.Driver is not enhanced.

[2025-03-05 16:42:34 #4 type.registry] 
New type domain.Ride

[2025-03-05 16:42:34 #5 type] 
Type domain.Ride is not enhanced.

[2025-03-05 16:42:34 #6 type.registry] 
New type java.util.Vector<java.lang.Object>

[2025-03-05 16:42:34 #7 type.registry] 
New type java.util.Vector<domain.Ride>

------------------------------------------------------------------------------------------------------------------------

[2025-03-05 16:43:50 #1 store] 
Database 'C:\Users\iniga\OneDrive\Escritorio\Rides24-master\Rides24-master\src\main\resources\rides.temp' is opened by 38212@inigo7

[2025-03-05 16:43:50 #2 type.registry] 
New type domain.Driver

[2025-03-05 16:43:50 #3 type] 
Type domain.Driver is not enhanced.

[2025-03-05 16:43:50 #4 type.registry] 
New type domain.Ride

[2025-03-05 16:43:50 #5 type] 
Type domain.Ride is not enhanced.

[2025-03-05 16:43:50 #6 type.registry] 
New type java.util.Vector<java.lang.Object>

[2025-03-05 16:43:50 #7 type.registry] 
New type java.util.Vector<domain.Ride>

------------------------------------------------------------------------------------------------------------------------

[2025-03-05 16:45:43 #1 store] 
Database 'C:\Users\iniga\OneDrive\Escritorio\Rides24-master\Rides24-master\src\main\resources\rides.temp' is opened by 36308@inigo7

[2025-03-05 16:45:43 #2 type.registry] 
New type domain.Driver

[2025-03-05 16:45:43 #3 type] 
Type domain.Driver is not enhanced.

[2025-03-05 16:45:43 #4 type.registry] 
New type domain.Ride

[2025-03-05 16:45:43 #5 type] 
Type domain.Ride is not enhanced.

[2025-03-05 16:45:43 #6 type.registry] 
New type java.util.Vector<java.lang.Object>

[2025-03-05 16:45:43 #7 type.registry] 
New type java.util.Vector<domain.Ride>

------------------------------------------------------------------------------------------------------------------------

[2025-03-05 16:47:08 #1 store] 
Database 'C:\Users\iniga\OneDrive\Escritorio\Rides24-master\Rides24-master\src\main\resources\rides.temp' is opened by 29856@inigo7

[2025-03-05 16:47:08 #2 type.registry] 
New type domain.Driver

[2025-03-05 16:47:08 #3 type] 
Type domain.Driver is not enhanced.

[2025-03-05 16:47:08 #4 type.registry] 
New type domain.Ride

[2025-03-05 16:47:08 #5 type] 
Type domain.Ride is not enhanced.

[2025-03-05 16:47:08 #6 type.registry] 
New type java.util.Vector<java.lang.Object>

[2025-03-05 16:47:08 #7 type.registry] 
New type java.util.Vector<domain.Ride>

------------------------------------------------------------------------------------------------------------------------

[2025-03-05 16:48:46 #1 store] 
Database 'C:\Users\iniga\OneDrive\Escritorio\Rides24-master\Rides24-master\src\main\resources\rides.temp' is opened by 11092@inigo7

[2025-03-05 16:48:46 #2 type.registry] 
New type domain.Driver

[2025-03-05 16:48:46 #3 type] 
Type domain.Driver is not enhanced.

[2025-03-05 16:48:46 #4 type.registry] 
New type domain.Ride

[2025-03-05 16:48:46 #5 type] 
Type domain.Ride is not enhanced.

[2025-03-05 16:48:46 #6 type.registry] 
New type java.util.Vector<java.lang.Object>

[2025-03-05 16:48:46 #7 type.registry] 
New type java.util.Vector<domain.Ride>

------------------------------------------------------------------------------------------------------------------------

[2025-03-05 16:53:05 #1 store] 
Database 'C:\Users\iniga\OneDrive\Escritorio\Rides24-master\Rides24-master\src\main\resources\rides.temp' is opened by 11564@inigo7

[2025-03-05 16:53:05 #2 type.registry] 
New type domain.Driver

[2025-03-05 16:53:05 #3 type] 
Type domain.Driver is not enhanced.

[2025-03-05 16:53:05 #4 type.registry] 
New type domain.Ride

[2025-03-05 16:53:05 #5 type] 
Type domain.Ride is not enhanced.

[2025-03-05 16:53:05 #6 type.registry] 
New type java.util.Vector<java.lang.Object>

[2025-03-05 16:53:05 #7 type.registry] 
New type java.util.Vector<domain.Ride>

------------------------------------------------------------------------------------------------------------------------

[2025-03-05 16:55:04 #1 store] 
Database 'C:\Users\iniga\OneDrive\Escritorio\Rides24-master\Rides24-master\src\main\resources\rides.temp' is opened by 31500@inigo7

[2025-03-05 16:55:04 #2 type.registry] 
New type domain.Driver

[2025-03-05 16:55:04 #3 type] 
Type domain.Driver is not enhanced.

[2025-03-05 16:55:04 #4 type.registry] 
New type domain.Ride

[2025-03-05 16:55:04 #5 type] 
Type domain.Ride is not enhanced.

[2025-03-05 16:55:04 #6 type.registry] 
New type java.util.Vector<java.lang.Object>

[2025-03-05 16:55:04 #7 type.registry] 
New type java.util.Vector<domain.Ride>

------------------------------------------------------------------------------------------------------------------------

[2025-03-05 17:04:58 #1 store] 
Database 'C:\Users\iniga\OneDrive\Escritorio\Rides24-master\Rides24-master\src\main\resources\rides.temp' is opened by 38176@inigo7

[2025-03-05 17:04:58 #2 type.registry] 
New type domain.Driver

[2025-03-05 17:04:58 #3 type] 
Type domain.Driver is not enhanced.

[2025-03-05 17:04:58 #4 type.registry] 
New type domain.Ride

[2025-03-05 17:04:58 #5 type] 
Type domain.Ride is not enhanced.

[2025-03-05 17:04:58 #6 type.registry] 
New type java.util.Vector<java.lang.Object>

[2025-03-05 17:04:58 #7 type.registry] 
New type java.util.Vector<domain.Ride>

------------------------------------------------------------------------------------------------------------------------

[2025-03-05 17:06:21 #1 store] 
Database 'C:\Users\iniga\OneDrive\Escritorio\Rides24-master\Rides24-master\src\main\resources\rides.temp' is opened by 8420@inigo7

[2025-03-05 17:06:21 #2 type.registry] 
New type domain.Driver

[2025-03-05 17:06:21 #3 type] 
Type domain.Driver is not enhanced.

[2025-03-05 17:06:21 #4 type.registry] 
New type domain.Ride

[2025-03-05 17:06:21 #5 type] 
Type domain.Ride is not enhanced.

[2025-03-05 17:06:21 #6 type.registry] 
New type java.util.Vector<java.lang.Object>

[2025-03-05 17:06:21 #7 type.registry] 
New type java.util.Vector<domain.Ride>

------------------------------------------------------------------------------------------------------------------------

[2025-03-05 17:09:56 #1 store] 
Database 'C:\Users\iniga\OneDrive\Escritorio\Rides24-master\Rides24-master\src\main\resources\rides.temp' is opened by 25288@inigo7

[2025-03-05 17:09:56 #2 type.registry] 
New type domain.Driver

[2025-03-05 17:09:56 #3 type] 
Type domain.Driver is not enhanced.

[2025-03-05 17:09:56 #4 type.registry] 
New type domain.Ride

[2025-03-05 17:09:56 #5 type] 
Type domain.Ride is not enhanced.

[2025-03-05 17:09:56 #6 type.registry] 
New type java.util.Vector<java.lang.Object>

[2025-03-05 17:09:56 #7 type.registry] 
New type java.util.Vector<domain.Ride>

[2025-03-05 17:10:08 #8 type.registry] 
New type domain.User

[2025-03-05 17:10:08 #9 type] 
Type domain.User is not enhanced.

------------------------------------------------------------------------------------------------------------------------

[2025-03-05 17:11:21 #1 store] 
Database 'C:\Users\iniga\OneDrive\Escritorio\Rides24-master\Rides24-master\src\main\resources\rides.temp' is opened by 36680@inigo7

[2025-03-05 17:11:21 #2 type.registry] 
New type domain.Driver

[2025-03-05 17:11:21 #3 type] 
Type domain.Driver is not enhanced.

[2025-03-05 17:11:21 #4 type.registry] 
New type domain.Ride

[2025-03-05 17:11:21 #5 type] 
Type domain.Ride is not enhanced.

[2025-03-05 17:11:21 #6 type.registry] 
New type java.util.Vector<java.lang.Object>

[2025-03-05 17:11:21 #7 type.registry] 
New type java.util.Vector<domain.Ride>

[2025-03-05 17:11:33 #8 type.registry] 
New type domain.User

[2025-03-05 17:11:33 #9 type] 
Type domain.User is not enhanced.

------------------------------------------------------------------------------------------------------------------------

[2025-03-05 17:12:23 #1 store] 
Database 'C:\Users\iniga\OneDrive\Escritorio\Rides24-master\Rides24-master\src\main\resources\rides.temp' is opened by 28660@inigo7

[2025-03-05 17:12:23 #2 type.registry] 
New type domain.Driver

[2025-03-05 17:12:23 #3 type] 
Type domain.Driver is not enhanced.

[2025-03-05 17:12:23 #4 type.registry] 
New type domain.Ride

[2025-03-05 17:12:24 #5 type] 
Type domain.Ride is not enhanced.

[2025-03-05 17:12:24 #6 type.registry] 
New type java.util.Vector<java.lang.Object>

[2025-03-05 17:12:24 #7 type.registry] 
New type java.util.Vector<domain.Ride>

[2025-03-05 17:12:33 #8 type.registry] 
New type domain.User

[2025-03-05 17:12:33 #9 type] 
Type domain.User is not enhanced.

------------------------------------------------------------------------------------------------------------------------

[2025-03-05 17:18:50 #1 store] 
Database 'C:\Users\iniga\OneDrive\Escritorio\Rides24-master\Rides24-master\src\main\resources\rides.temp' is opened by 6720@inigo7

[2025-03-05 17:18:50 #2 type.registry] 
New type domain.Driver

[2025-03-05 17:18:50 #3 type] 
Type domain.Driver is not enhanced.

[2025-03-05 17:18:50 #4 type.registry] 
New type domain.Ride

[2025-03-05 17:18:50 #5 type] 
Type domain.Ride is not enhanced.

[2025-03-05 17:18:50 #6 type.registry] 
New type java.util.Vector<java.lang.Object>

[2025-03-05 17:18:50 #7 type.registry] 
New type java.util.Vector<domain.Ride>

------------------------------------------------------------------------------------------------------------------------

[2025-03-05 17:28:55 #1 store] 
Database 'C:\Users\User\eclipse-workspace\Rides24\src\main\resources\rides.temp' is opened by 10772@DESKTOP-1QJHH8I

[2025-03-05 17:28:55 #2 type.registry] 
New type domain.Driver

[2025-03-05 17:28:55 #3 type] 
Type domain.Driver is not enhanced.

[2025-03-05 17:28:55 #4 type.registry] 
New type domain.Ride

[2025-03-05 17:28:55 #5 type] 
Type domain.Ride is not enhanced.

[2025-03-05 17:28:55 #6 type.registry] 
New type java.util.Vector<java.lang.Object>

[2025-03-05 17:28:55 #7 type.registry] 
New type java.util.Vector<domain.Ride>

------------------------------------------------------------------------------------------------------------------------

[2025-03-05 17:38:47 #1 store] 
Database 'C:\Users\User\eclipse-workspace\Rides24\src\main\resources\rides.temp' is opened by 13812@DESKTOP-1QJHH8I

[2025-03-05 17:38:47 #2 type.registry] 
New type domain.Driver

[2025-03-05 17:38:47 #3 type] 
Type domain.Driver is not enhanced.

[2025-03-05 17:38:47 #4 type.registry] 
New type domain.Ride

[2025-03-05 17:38:47 #5 type] 
Type domain.Ride is not enhanced.

[2025-03-05 17:38:47 #6 type.registry] 
New type java.util.Vector<java.lang.Object>

[2025-03-05 17:38:47 #7 type.registry] 
New type java.util.Vector<domain.Ride>

------------------------------------------------------------------------------------------------------------------------

[2025-03-05 17:42:34 #1 store] 
Database 'C:\Users\User\eclipse-workspace\Rides24\src\main\resources\rides.temp' is opened by 22368@DESKTOP-1QJHH8I

[2025-03-05 17:42:35 #2 type.registry] 
New type domain.Driver

[2025-03-05 17:42:35 #3 type] 
Type domain.Driver is not enhanced.

[2025-03-05 17:42:35 #4 type.registry] 
New type domain.Ride

[2025-03-05 17:42:35 #5 type] 
Type domain.Ride is not enhanced.

[2025-03-05 17:42:35 #6 type.registry] 
New type java.util.Vector<java.lang.Object>

[2025-03-05 17:42:35 #7 type.registry] 
New type java.util.Vector<domain.Ride>

------------------------------------------------------------------------------------------------------------------------

[2025-03-05 17:44:27 #1 store] 
Database 'C:\Users\User\eclipse-workspace\Rides24\src\main\resources\rides.temp' is opened by 29140@DESKTOP-1QJHH8I

[2025-03-05 17:44:27 #2 type.registry] 
New type domain.Driver

[2025-03-05 17:44:27 #3 type] 
Type domain.Driver is not enhanced.

[2025-03-05 17:44:27 #4 type.registry] 
New type domain.Ride

[2025-03-05 17:44:27 #5 type] 
Type domain.Ride is not enhanced.

[2025-03-05 17:44:28 #6 type.registry] 
New type java.util.Vector<java.lang.Object>

[2025-03-05 17:44:28 #7 type.registry] 
New type java.util.Vector<domain.Ride>

------------------------------------------------------------------------------------------------------------------------

[2025-03-05 17:57:13 #1 store] 
Database 'C:\Users\iniga\OneDrive\Escritorio\it1.2\Rides24\src\main\resources\rides.temp' is opened by 16132@inigo7

[2025-03-05 17:57:13 #2 type.registry] 
New type domain.Driver

[2025-03-05 17:57:13 #3 type] 
Type domain.Driver is not enhanced.

[2025-03-05 17:57:13 #4 type.registry] 
New type domain.Ride

[2025-03-05 17:57:13 #5 type] 
Type domain.Ride is not enhanced.

[2025-03-05 17:57:13 #6 type.registry] 
New type java.util.Vector<java.lang.Object>

[2025-03-05 17:57:13 #7 type.registry] 
New type java.util.Vector<domain.Ride>

------------------------------------------------------------------------------------------------------------------------

[2025-03-05 18:01:29 #1 store] 
Database 'C:\Users\iniga\OneDrive\Escritorio\it1.2\Rides24\src\main\resources\rides.temp' is opened by 33236@inigo7

[2025-03-05 18:01:29 #2 type.registry] 
New type domain.Driver

[2025-03-05 18:01:29 #3 type] 
Type domain.Driver is not enhanced.

[2025-03-05 18:01:29 #4 type.registry] 
New type domain.Ride

[2025-03-05 18:01:29 #5 type] 
Type domain.Ride is not enhanced.

[2025-03-05 18:01:29 #6 type.registry] 
New type java.util.Vector<java.lang.Object>

[2025-03-05 18:01:29 #7 type.registry] 
New type java.util.Vector<domain.Ride>

------------------------------------------------------------------------------------------------------------------------

[2025-03-05 18:14:02 #1 store] 
Database 'C:\Users\iniga\OneDrive\Escritorio\it1.2\Rides24\src\main\resources\rides.temp' is opened by 13648@inigo7

[2025-03-05 18:14:03 #2 type.registry] 
New type domain.Driver

[2025-03-05 18:14:03 #3 type] 
Type domain.Driver is not enhanced.

[2025-03-05 18:14:03 #4 type.registry] 
New type domain.Ride

[2025-03-05 18:14:03 #5 type] 
Type domain.Ride is not enhanced.

[2025-03-05 18:14:03 #6 type.registry] 
New type java.util.Vector<java.lang.Object>

[2025-03-05 18:14:03 #7 type.registry] 
New type java.util.Vector<domain.Ride>

[2025-03-05 18:14:35 #8 type.registry] 
New type domain.User

[2025-03-05 18:14:35 #9 type] 
Type domain.User is not enhanced.

------------------------------------------------------------------------------------------------------------------------

[2025-03-05 18:15:07 #1 store] 
Database 'C:\Users\iniga\OneDrive\Escritorio\it1.2\Rides24\src\main\resources\rides.temp' is opened by 35960@inigo7

[2025-03-05 18:15:07 #2 type.registry] 
New type domain.Driver

[2025-03-05 18:15:07 #3 type] 
Type domain.Driver is not enhanced.

[2025-03-05 18:15:07 #4 type.registry] 
New type domain.Ride

[2025-03-05 18:15:07 #5 type] 
Type domain.Ride is not enhanced.

[2025-03-05 18:15:07 #6 type.registry] 
New type java.util.Vector<java.lang.Object>

[2025-03-05 18:15:07 #7 type.registry] 
New type java.util.Vector<domain.Ride>

------------------------------------------------------------------------------------------------------------------------

[2025-03-05 18:37:49 #1 store] 
Database 'C:\Users\iniga\OneDrive\Escritorio\it1.2\Rides24\src\main\resources\rides.temp' is opened by 18852@inigo7

[2025-03-05 18:37:49 #2 type.registry] 
New type domain.Driver

[2025-03-05 18:37:49 #3 type] 
Type domain.Driver is not enhanced.

[2025-03-05 18:37:49 #4 type.registry] 
New type domain.Ride

[2025-03-05 18:37:49 #5 type] 
Type domain.Ride is not enhanced.

[2025-03-05 18:37:49 #6 type.registry] 
New type domain.User

[2025-03-05 18:37:49 #7 type] 
Type domain.User is not enhanced.

[2025-03-05 18:37:49 #8 type.registry] 
New type java.util.Vector<java.lang.Object>

[2025-03-05 18:37:49 #9 type.registry] 
New type java.util.Vector<domain.Ride>

[2025-03-05 18:37:49 #10 type.registry] 
New type java.util.ArrayList<java.lang.Object>

[2025-03-05 18:37:49 #11 type.registry] 
New type java.util.ArrayList<domain.User>

------------------------------------------------------------------------------------------------------------------------

[2025-03-05 18:42:00 #1 store] 
Database 'C:\Users\iniga\OneDrive\Escritorio\it1.2\Rides24\src\main\resources\rides.temp' is opened by 35296@inigo7

[2025-03-05 18:42:01 #2 type.registry] 
New type domain.Driver

[2025-03-05 18:42:01 #3 type] 
Type domain.Driver is not enhanced.

[2025-03-05 18:42:01 #4 type.registry] 
New type domain.Ride

[2025-03-05 18:42:01 #5 type] 
Type domain.Ride is not enhanced.

[2025-03-05 18:42:01 #6 type.registry] 
New type domain.User

[2025-03-05 18:42:01 #7 type] 
Type domain.User is not enhanced.

[2025-03-05 18:42:01 #8 type.registry] 
New type java.util.Vector<java.lang.Object>

[2025-03-05 18:42:01 #9 type.registry] 
New type java.util.Vector<domain.Ride>

[2025-03-05 18:42:01 #10 type.registry] 
New type java.util.ArrayList<java.lang.Object>

[2025-03-05 18:42:01 #11 type.registry] 
New type java.util.ArrayList<domain.User>

------------------------------------------------------------------------------------------------------------------------

[2025-03-05 18:43:58 #1 store] 
Database 'C:\Users\iniga\OneDrive\Escritorio\it1.2\Rides24\src\main\resources\rides.temp' is opened by 8764@inigo7

[2025-03-05 18:43:58 #2 type.registry] 
New type domain.Driver

[2025-03-05 18:43:58 #3 type] 
Type domain.Driver is not enhanced.

[2025-03-05 18:43:58 #4 type.registry] 
New type domain.Ride

[2025-03-05 18:43:58 #5 type] 
Type domain.Ride is not enhanced.

[2025-03-05 18:43:58 #6 type.registry] 
New type domain.User

[2025-03-05 18:43:58 #7 type] 
Type domain.User is not enhanced.

[2025-03-05 18:43:58 #8 type.registry] 
New type java.util.Vector<java.lang.Object>

[2025-03-05 18:43:58 #9 type.registry] 
New type java.util.Vector<domain.Ride>

[2025-03-05 18:43:58 #10 type.registry] 
New type java.util.ArrayList<java.lang.Object>

[2025-03-05 18:43:58 #11 type.registry] 
New type java.util.ArrayList<domain.User>

------------------------------------------------------------------------------------------------------------------------

[2025-03-05 18:47:59 #1 store] 
Database 'C:\Users\iniga\OneDrive\Escritorio\it1.2\Rides24\src\main\resources\rides.temp' is opened by 1784@inigo7

[2025-03-05 18:47:59 #2 type.registry] 
New type domain.Driver

[2025-03-05 18:47:59 #3 type] 
Type domain.Driver is not enhanced.

[2025-03-05 18:47:59 #4 type.registry] 
New type domain.Ride

[2025-03-05 18:47:59 #5 type] 
Type domain.Ride is not enhanced.

[2025-03-05 18:47:59 #6 type.registry] 
New type domain.User

[2025-03-05 18:47:59 #7 type] 
Type domain.User is not enhanced.

[2025-03-05 18:47:59 #8 type.registry] 
New type java.util.Vector<java.lang.Object>

[2025-03-05 18:47:59 #9 type.registry] 
New type java.util.Vector<domain.Ride>

[2025-03-05 18:47:59 #10 type.registry] 
New type java.util.ArrayList<java.lang.Object>

[2025-03-05 18:47:59 #11 type.registry] 
New type java.util.ArrayList<domain.User>

------------------------------------------------------------------------------------------------------------------------

[2025-03-05 18:52:00 #1 store] 
Database 'C:\Users\iniga\OneDrive\Escritorio\it1.2\Rides24\src\main\resources\rides.temp' is opened by 24156@inigo7

[2025-03-05 18:52:00 #2 type.registry] 
New type domain.Driver

[2025-03-05 18:52:00 #3 type] 
Type domain.Driver is not enhanced.

[2025-03-05 18:52:00 #4 type.registry] 
New type domain.Ride

[2025-03-05 18:52:00 #5 type] 
Type domain.Ride is not enhanced.

[2025-03-05 18:52:00 #6 type.registry] 
New type domain.User

[2025-03-05 18:52:00 #7 type] 
Type domain.User is not enhanced.

[2025-03-05 18:52:00 #8 type.registry] 
New type java.util.Vector<java.lang.Object>

[2025-03-05 18:52:00 #9 type.registry] 
New type java.util.Vector<domain.Ride>

[2025-03-05 18:52:00 #10 type.registry] 
New type java.util.ArrayList<java.lang.Object>

[2025-03-05 18:52:00 #11 type.registry] 
New type java.util.ArrayList<domain.User>

------------------------------------------------------------------------------------------------------------------------

[2025-03-05 18:57:44 #1 store] 
Database 'C:\Users\iniga\OneDrive\Escritorio\it1.2\Rides24\src\main\resources\rides.temp' is opened by 34688@inigo7

[2025-03-05 18:57:44 #2 type.registry] 
New type domain.Driver

[2025-03-05 18:57:44 #3 type] 
Type domain.Driver is not enhanced.

[2025-03-05 18:57:44 #4 type.registry] 
New type domain.Ride

[2025-03-05 18:57:44 #5 type] 
Type domain.Ride is not enhanced.

[2025-03-05 18:57:44 #6 type.registry] 
New type domain.User

[2025-03-05 18:57:44 #7 type] 
Type domain.User is not enhanced.

[2025-03-05 18:57:44 #8 type.registry] 
New type java.util.Vector<java.lang.Object>

[2025-03-05 18:57:44 #9 type.registry] 
New type java.util.Vector<domain.Ride>

[2025-03-05 18:57:44 #10 type.registry] 
New type java.util.ArrayList<java.lang.Object>

[2025-03-05 18:57:44 #11 type.registry] 
New type java.util.ArrayList<domain.User>

------------------------------------------------------------------------------------------------------------------------

[2025-03-05 19:09:57 #1 store] 
Database 'C:\Users\iniga\OneDrive\Escritorio\it1.2\Rides24\src\main\resources\rides.temp' is opened by 33124@inigo7

[2025-03-05 19:09:57 #2 type.registry] 
New type domain.Driver

[2025-03-05 19:09:57 #3 type] 
Type domain.Driver is not enhanced.

[2025-03-05 19:09:57 #4 type.registry] 
New type domain.Ride

[2025-03-05 19:09:57 #5 type] 
Type domain.Ride is not enhanced.

[2025-03-05 19:09:57 #6 type.registry] 
New type domain.User

[2025-03-05 19:09:57 #7 type] 
Type domain.User is not enhanced.

[2025-03-05 19:09:57 #8 type.registry] 
New type java.util.Vector<java.lang.Object>

[2025-03-05 19:09:57 #9 type.registry] 
New type java.util.Vector<domain.Ride>

[2025-03-05 19:09:57 #10 type.registry] 
New type java.util.ArrayList<java.lang.Object>

[2025-03-05 19:09:57 #11 type.registry] 
New type java.util.ArrayList<domain.User>

------------------------------------------------------------------------------------------------------------------------

[2025-03-05 19:26:11 #1 store] 
Database 'C:\Users\iniga\OneDrive\Escritorio\it1.2\Rides24\src\main\resources\rides.temp' is opened by 38304@inigo7

[2025-03-05 19:26:11 #2 type.registry] 
New type domain.Driver

[2025-03-05 19:26:11 #3 type] 
Type domain.Driver is not enhanced.

[2025-03-05 19:26:11 #4 type.registry] 
New type domain.Ride

[2025-03-05 19:26:11 #5 type] 
Type domain.Ride is not enhanced.

[2025-03-05 19:26:11 #6 type.registry] 
New type domain.User

[2025-03-05 19:26:11 #7 type] 
Type domain.User is not enhanced.

[2025-03-05 19:26:11 #8 type.registry] 
New type java.util.Vector<java.lang.Object>

[2025-03-05 19:26:11 #9 type.registry] 
New type java.util.Vector<domain.Ride>

[2025-03-05 19:26:11 #10 type.registry] 
New type java.util.ArrayList<java.lang.Object>

[2025-03-05 19:26:11 #11 type.registry] 
New type java.util.ArrayList<domain.User>

------------------------------------------------------------------------------------------------------------------------

[2025-03-05 19:36:55 #1 store] 
Database 'C:\Users\iniga\OneDrive\Escritorio\it1.2\Rides24\src\main\resources\rides.temp' is opened by 23636@inigo7

[2025-03-05 19:36:55 #2 type.registry] 
New type domain.Driver

[2025-03-05 19:36:55 #3 type] 
Type domain.Driver is not enhanced.

[2025-03-05 19:36:55 #4 type.registry] 
New type domain.Ride

[2025-03-05 19:36:55 #5 type] 
Type domain.Ride is not enhanced.

[2025-03-05 19:36:55 #6 type.registry] 
New type domain.User

[2025-03-05 19:36:55 #7 type] 
Type domain.User is not enhanced.

[2025-03-05 19:36:55 #8 type.registry] 
New type java.util.Vector<java.lang.Object>

[2025-03-05 19:36:55 #9 type.registry] 
New type java.util.Vector<domain.Ride>

[2025-03-05 19:36:55 #10 type.registry] 
New type java.util.ArrayList<java.lang.Object>

[2025-03-05 19:36:55 #11 type.registry] 
New type java.util.ArrayList<domain.User>

[2025-03-05 19:37:06 #12 type.registry] 
New type java.util.ArrayList<domain.Ride>

------------------------------------------------------------------------------------------------------------------------

[2025-03-05 19:41:52 #1 store] 
Database 'C:\Users\iniga\OneDrive\Escritorio\it1.2\Rides24\src\main\resources\rides.temp' is opened by 28896@inigo7

[2025-03-05 19:41:52 #2 type.registry] 
New type domain.Driver

[2025-03-05 19:41:52 #3 type] 
Type domain.Driver is not enhanced.

[2025-03-05 19:41:52 #4 type.registry] 
New type domain.Ride

[2025-03-05 19:41:52 #5 type] 
Type domain.Ride is not enhanced.

[2025-03-05 19:41:52 #6 type.registry] 
New type domain.User

[2025-03-05 19:41:52 #7 type] 
Type domain.User is not enhanced.

[2025-03-05 19:41:52 #8 type.registry] 
New type java.util.Vector<java.lang.Object>

[2025-03-05 19:41:52 #9 type.registry] 
New type java.util.Vector<domain.Ride>

[2025-03-05 19:41:52 #10 type.registry] 
New type java.util.ArrayList<java.lang.Object>

[2025-03-05 19:41:52 #11 type.registry] 
New type java.util.ArrayList<domain.User>

[2025-03-05 19:42:02 #12 type.registry] 
New type java.util.ArrayList<domain.Ride>

------------------------------------------------------------------------------------------------------------------------

[2025-03-05 19:56:23 #1 store] 
Database 'C:\Users\iniga\OneDrive\Escritorio\it1.2\Rides24\src\main\resources\rides.temp' is opened by 23512@inigo7

[2025-03-05 19:56:23 #2 type.registry] 
New type domain.User

[2025-03-05 19:56:23 #3 type.registry] 
New type domain.Driver

[2025-03-05 19:56:23 #4 type] 
Type domain.User is not enhanced.

[2025-03-05 19:56:23 #5 type.registry] 
New type domain.Ride

[2025-03-05 19:56:23 #6 type] 
Type domain.Driver is not enhanced.

[2025-03-05 19:56:23 #7 type] 
Type domain.Ride is not enhanced.

[2025-03-05 19:56:23 #8 type.registry] 
New type java.util.Vector<java.lang.Object>

[2025-03-05 19:56:23 #9 type.registry] 
New type java.util.ArrayList<java.lang.Object>

[2025-03-05 19:56:23 #10 type.registry] 
New type java.util.ArrayList<domain.Ride>

[2025-03-05 19:56:23 #11 type.registry] 
New type java.util.Vector<domain.Ride>

[2025-03-05 19:56:23 #12 type.registry] 
New type java.util.ArrayList<domain.User>

------------------------------------------------------------------------------------------------------------------------

[2025-03-05 20:23:44 #1 store] 
Database 'C:\Users\iniga\OneDrive\Escritorio\it1.2\Rides24\src\main\resources\rides.temp' is opened by 21552@inigo7

[2025-03-05 20:23:44 #2 type.registry] 
New type domain.Driver

[2025-03-05 20:23:44 #3 type] 
Type domain.Driver is not enhanced.

[2025-03-05 20:23:44 #4 type.registry] 
New type domain.Ride

[2025-03-05 20:23:44 #5 type] 
Type domain.Ride is not enhanced.

[2025-03-05 20:23:44 #6 type.registry] 
New type domain.User

[2025-03-05 20:23:44 #7 type] 
Type domain.User is not enhanced.

[2025-03-05 20:23:44 #8 type.registry] 
New type java.util.Vector<java.lang.Object>

[2025-03-05 20:23:44 #9 type.registry] 
New type java.util.Vector<domain.Ride>

[2025-03-05 20:23:45 #10 type.registry] 
New type java.util.ArrayList<java.lang.Object>

[2025-03-05 20:23:45 #11 type.registry] 
New type java.util.ArrayList<domain.User>

[2025-03-05 20:24:18 #12 type.registry] 
New type java.util.ArrayList<domain.Ride>

------------------------------------------------------------------------------------------------------------------------

[2025-03-05 20:31:50 #1 store] 
Database 'C:\Users\iniga\OneDrive\Escritorio\it1.2\Rides24\src\main\resources\rides.temp' is opened by 33292@inigo7

[2025-03-05 20:31:50 #2 type.registry] 
New type domain.Driver

[2025-03-05 20:31:50 #3 type] 
Type domain.Driver is not enhanced.

[2025-03-05 20:31:50 #4 type.registry] 
New type domain.Ride

[2025-03-05 20:31:50 #5 type] 
Type domain.Ride is not enhanced.

[2025-03-05 20:31:50 #6 type.registry] 
New type domain.User

[2025-03-05 20:31:50 #7 type] 
Type domain.User is not enhanced.

[2025-03-05 20:31:50 #8 type.registry] 
New type java.util.Vector<java.lang.Object>

[2025-03-05 20:31:50 #9 type.registry] 
New type java.util.Vector<domain.Ride>

[2025-03-05 20:31:50 #10 type.registry] 
New type java.util.ArrayList<java.lang.Object>

[2025-03-05 20:31:50 #11 type.registry] 
New type java.util.ArrayList<domain.User>

[2025-03-05 20:32:13 #12 type.registry] 
New type java.util.ArrayList<domain.Ride>

------------------------------------------------------------------------------------------------------------------------

[2025-03-05 20:35:13 #1 store] 
Database 'C:\Users\iniga\OneDrive\Escritorio\it1.2\Rides24\src\main\resources\rides.temp' is opened by 12220@inigo7

[2025-03-05 20:35:13 #2 type.registry] 
New type domain.Driver

[2025-03-05 20:35:13 #3 type] 
Type domain.Driver is not enhanced.

[2025-03-05 20:35:13 #4 type.registry] 
New type domain.Ride

[2025-03-05 20:35:13 #5 type] 
Type domain.Ride is not enhanced.

[2025-03-05 20:35:13 #6 type.registry] 
New type domain.User

[2025-03-05 20:35:13 #7 type] 
Type domain.User is not enhanced.

[2025-03-05 20:35:13 #8 type.registry] 
New type java.util.Vector<java.lang.Object>

[2025-03-05 20:35:13 #9 type.registry] 
New type java.util.Vector<domain.Ride>

[2025-03-05 20:35:13 #10 type.registry] 
New type java.util.ArrayList<java.lang.Object>

[2025-03-05 20:35:13 #11 type.registry] 
New type java.util.ArrayList<domain.User>

[2025-03-05 20:35:46 #12 type.registry] 
New type java.util.ArrayList<domain.Ride>

------------------------------------------------------------------------------------------------------------------------

[2025-03-05 20:45:23 #1 store] 
Database 'C:\Users\iniga\OneDrive\Escritorio\it1.2\Rides24\src\main\resources\rides.temp' is opened by 35224@inigo7

[2025-03-05 20:45:23 #2 type.registry] 
New type domain.Driver

[2025-03-05 20:45:23 #3 type] 
Type domain.Driver is not enhanced.

[2025-03-05 20:45:24 #4 type.registry] 
New type domain.Ride

[2025-03-05 20:45:24 #5 type] 
Type domain.Ride is not enhanced.

[2025-03-05 20:45:24 #6 type.registry] 
New type domain.User

[2025-03-05 20:45:24 #7 type] 
Type domain.User is not enhanced.

[2025-03-05 20:45:24 #8 type.registry] 
New type java.util.Vector<java.lang.Object>

[2025-03-05 20:45:24 #9 type.registry] 
New type java.util.Vector<domain.Ride>

[2025-03-05 20:45:24 #10 type.registry] 
New type java.util.ArrayList<java.lang.Object>

[2025-03-05 20:45:24 #11 type.registry] 
New type java.util.ArrayList<domain.User>

[2025-03-05 20:46:10 #12 type.registry] 
New type java.util.ArrayList<domain.Ride>

------------------------------------------------------------------------------------------------------------------------

[2025-03-05 20:48:07 #1 store] 
Database 'C:\Users\iniga\OneDrive\Escritorio\it1.2\Rides24\src\main\resources\rides.temp' is opened by 18368@inigo7

[2025-03-05 20:48:07 #2 type.registry] 
New type domain.Driver

[2025-03-05 20:48:07 #3 type] 
Type domain.Driver is not enhanced.

[2025-03-05 20:48:07 #4 type.registry] 
New type domain.Ride

[2025-03-05 20:48:07 #5 type] 
Type domain.Ride is not enhanced.

[2025-03-05 20:48:07 #6 type.registry] 
New type domain.User

[2025-03-05 20:48:07 #7 type] 
Type domain.User is not enhanced.

[2025-03-05 20:48:07 #8 type.registry] 
New type java.util.Vector<java.lang.Object>

[2025-03-05 20:48:07 #9 type.registry] 
New type java.util.Vector<domain.Ride>

[2025-03-05 20:48:07 #10 type.registry] 
New type java.util.ArrayList<java.lang.Object>

[2025-03-05 20:48:07 #11 type.registry] 
New type java.util.ArrayList<domain.User>

[2025-03-05 20:48:25 #12 type.registry] 
New type java.util.ArrayList<domain.Ride>

------------------------------------------------------------------------------------------------------------------------

[2025-03-05 20:58:42 #1 store] 
Database 'C:\Users\iniga\OneDrive\Escritorio\it1.2\Rides24\src\main\resources\rides.temp' is opened by 28696@inigo7

[2025-03-05 20:58:43 #2 type.registry] 
New type domain.Driver

[2025-03-05 20:58:43 #3 type] 
Type domain.Driver is not enhanced.

[2025-03-05 20:58:43 #4 type.registry] 
New type domain.Ride

[2025-03-05 20:58:43 #5 type] 
Type domain.Ride is not enhanced.

[2025-03-05 20:58:43 #6 type.registry] 
New type domain.User

[2025-03-05 20:58:43 #7 type] 
Type domain.User is not enhanced.

[2025-03-05 20:58:43 #8 type.registry] 
New type java.util.Vector<java.lang.Object>

[2025-03-05 20:58:43 #9 type.registry] 
New type java.util.Vector<domain.Ride>

[2025-03-05 20:58:43 #10 type.registry] 
New type java.util.ArrayList<java.lang.Object>

[2025-03-05 20:58:43 #11 type.registry] 
New type java.util.ArrayList<domain.User>

[2025-03-05 20:59:15 #12 type.registry] 
New type java.util.ArrayList<domain.Ride>

