------------------------------------------------------------------------------------------------------------------------

[2025-03-31 12:10:04 #1 store] 
Database 'C:\Users\iniga\OneDrive\Escritorio\it1.2\Rides24\src\main\resources\rides.temp' is opened by 16008@inigo7

[2025-03-31 12:10:04 #2 type.registry] 
New type domain.Driver

[2025-03-31 12:10:04 #3 type] 
Type domain.Driver is not enhanced.

[2025-03-31 12:10:04 #4 type.registry] 
New type domain.Vehicle

[2025-03-31 12:10:04 #5 type.registry] 
New type domain.Ride

[2025-03-31 12:10:04 #6 type] 
Type domain.Vehicle is not enhanced.

[2025-03-31 12:10:04 #7 type] 
Type domain.Ride is not enhanced.

[2025-03-31 12:10:04 #8 type.registry] 
New type domain.User

[2025-03-31 12:10:04 #9 type.registry] 
New type domain.Reservation

[2025-03-31 12:10:04 #10 type] 
Type domain.User is not enhanced.

[2025-03-31 12:10:04 #11 type.registry] 
New type domain.Rating

[2025-03-31 12:10:04 #12 type] 
Type domain.Reservation is not enhanced.

[2025-03-31 12:10:04 #13 type.registry] 
New type domain.ReservationStatus

[2025-03-31 12:10:04 #14 type] 
Type domain.Rating is not enhanced.

[2025-03-31 12:10:04 #15 type.registry] 
New type java.util.Vector<java.lang.Object>

[2025-03-31 12:10:04 #16 type.registry] 
New type java.util.ArrayList<java.lang.Object>

[2025-03-31 12:10:04 #17 type.registry] 
New type java.util.Vector<domain.Ride>

[2025-03-31 12:10:04 #18 type.registry] 
New type java.util.ArrayList<domain.Reservation>

[2025-03-31 12:10:19 #19 type.registry] 
New type java.util.ArrayList<domain.Ride>

[2025-03-31 12:10:19 #20 type.registry] 
New type java.util.ArrayList<domain.Rating>

[2025-03-31 12:10:29 #21 type.registry] 
New type com.objectdb.o.LMT

[2025-03-31 12:10:29 #22 type.registry] 
New type com.objectdb.o.VAL

[2025-03-31 12:10:29 #23 type.registry] 
New type com.objectdb.o.RFV

------------------------------------------------------------------------------------------------------------------------

[2025-03-31 12:20:39 #1 store] 
Database 'C:\Users\iniga\OneDrive\Escritorio\it1.2\Rides24\src\main\resources\rides.temp' is opened by 8432@inigo7

[2025-03-31 12:20:39 #2 type.registry] 
New type domain.Driver

[2025-03-31 12:20:39 #3 type] 
Type domain.Driver is not enhanced.

[2025-03-31 12:20:39 #4 type.registry] 
New type domain.Vehicle

[2025-03-31 12:20:39 #5 type.registry] 
New type domain.Ride

[2025-03-31 12:20:39 #6 type] 
Type domain.Vehicle is not enhanced.

[2025-03-31 12:20:39 #7 type] 
Type domain.Ride is not enhanced.

[2025-03-31 12:20:39 #8 type.registry] 
New type domain.User

[2025-03-31 12:20:39 #9 type.registry] 
New type domain.Reservation

[2025-03-31 12:20:39 #10 type] 
Type domain.User is not enhanced.

[2025-03-31 12:20:39 #11 type.registry] 
New type domain.Rating

[2025-03-31 12:20:39 #12 type] 
Type domain.Reservation is not enhanced.

[2025-03-31 12:20:39 #13 type.registry] 
New type domain.ReservationStatus

[2025-03-31 12:20:39 #14 type] 
Type domain.Rating is not enhanced.

[2025-03-31 12:20:39 #15 type.registry] 
New type java.util.Vector<java.lang.Object>

[2025-03-31 12:20:39 #16 type.registry] 
New type java.util.ArrayList<java.lang.Object>

[2025-03-31 12:20:39 #17 type.registry] 
New type java.util.Vector<domain.Ride>

[2025-03-31 12:20:39 #18 type.registry] 
New type java.util.ArrayList<domain.Reservation>

[2025-03-31 12:20:53 #19 type.registry] 
New type java.util.ArrayList<domain.Ride>

[2025-03-31 12:20:53 #20 type.registry] 
New type java.util.ArrayList<domain.Rating>

[2025-03-31 12:21:12 #21 type.registry] 
New type com.objectdb.o.LMT

[2025-03-31 12:21:12 #22 type.registry] 
New type com.objectdb.o.VAL

[2025-03-31 12:21:12 #23 type.registry] 
New type com.objectdb.o.RFV

------------------------------------------------------------------------------------------------------------------------

[2025-03-31 12:26:59 #1 store] 
Database 'C:\Users\iniga\OneDrive\Escritorio\it1.2\Rides24\src\main\resources\rides.temp' is opened by 12632@inigo7

[2025-03-31 12:26:59 #2 type.registry] 
New type domain.Driver

[2025-03-31 12:26:59 #3 type] 
Type domain.Driver is not enhanced.

[2025-03-31 12:26:59 #4 type.registry] 
New type domain.Vehicle

[2025-03-31 12:26:59 #5 type.registry] 
New type domain.Ride

[2025-03-31 12:26:59 #6 type] 
Type domain.Vehicle is not enhanced.

[2025-03-31 12:26:59 #7 type] 
Type domain.Ride is not enhanced.

[2025-03-31 12:26:59 #8 type.registry] 
New type domain.User

[2025-03-31 12:26:59 #9 type.registry] 
New type domain.Reservation

[2025-03-31 12:26:59 #10 type] 
Type domain.User is not enhanced.

[2025-03-31 12:26:59 #11 type.registry] 
New type domain.Rating

[2025-03-31 12:26:59 #12 type] 
Type domain.Reservation is not enhanced.

[2025-03-31 12:26:59 #13 type.registry] 
New type domain.ReservationStatus

[2025-03-31 12:26:59 #14 type] 
Type domain.Rating is not enhanced.

[2025-03-31 12:26:59 #15 type.registry] 
New type java.util.Vector<java.lang.Object>

[2025-03-31 12:26:59 #16 type.registry] 
New type java.util.ArrayList<java.lang.Object>

[2025-03-31 12:26:59 #17 type.registry] 
New type java.util.Vector<domain.Ride>

[2025-03-31 12:26:59 #18 type.registry] 
New type java.util.ArrayList<domain.Reservation>

[2025-03-31 12:27:12 #19 type.registry] 
New type java.util.ArrayList<domain.Ride>

[2025-03-31 12:27:12 #20 type.registry] 
New type java.util.ArrayList<domain.Rating>

[2025-03-31 12:27:34 #21 type.registry] 
New type com.objectdb.o.LMT

[2025-03-31 12:27:34 #22 type.registry] 
New type com.objectdb.o.VAL

[2025-03-31 12:27:34 #23 type.registry] 
New type com.objectdb.o.RFV

------------------------------------------------------------------------------------------------------------------------

[2025-03-31 12:30:33 #1 store] 
Database 'C:\Users\iniga\OneDrive\Escritorio\it1.2\Rides24\src\main\resources\rides.temp' is opened by 4308@inigo7

[2025-03-31 12:30:33 #2 type.registry] 
New type domain.Driver

[2025-03-31 12:30:33 #3 type] 
Type domain.Driver is not enhanced.

[2025-03-31 12:30:33 #4 type.registry] 
New type domain.Vehicle

[2025-03-31 12:30:33 #5 type.registry] 
New type domain.Ride

[2025-03-31 12:30:33 #6 type] 
Type domain.Vehicle is not enhanced.

[2025-03-31 12:30:33 #7 type] 
Type domain.Ride is not enhanced.

[2025-03-31 12:30:33 #8 type.registry] 
New type domain.User

[2025-03-31 12:30:33 #9 type.registry] 
New type domain.Reservation

[2025-03-31 12:30:33 #10 type] 
Type domain.User is not enhanced.

[2025-03-31 12:30:33 #11 type.registry] 
New type domain.Rating

[2025-03-31 12:30:33 #12 type] 
Type domain.Reservation is not enhanced.

[2025-03-31 12:30:33 #13 type.registry] 
New type domain.ReservationStatus

[2025-03-31 12:30:33 #14 type] 
Type domain.Rating is not enhanced.

[2025-03-31 12:30:33 #15 type.registry] 
New type java.util.Vector<java.lang.Object>

[2025-03-31 12:30:33 #16 type.registry] 
New type java.util.ArrayList<java.lang.Object>

[2025-03-31 12:30:33 #17 type.registry] 
New type java.util.Vector<domain.Ride>

[2025-03-31 12:30:33 #18 type.registry] 
New type java.util.ArrayList<domain.Reservation>

[2025-03-31 12:30:47 #19 type.registry] 
New type java.util.ArrayList<domain.Ride>

[2025-03-31 12:30:47 #20 type.registry] 
New type java.util.ArrayList<domain.Rating>

[2025-03-31 12:31:16 #21 type.registry] 
New type com.objectdb.o.LMT

[2025-03-31 12:31:16 #22 type.registry] 
New type com.objectdb.o.VAL

[2025-03-31 12:31:16 #23 type.registry] 
New type com.objectdb.o.RFV

------------------------------------------------------------------------------------------------------------------------

[2025-03-31 12:34:51 #1 store] 
Database 'C:\Users\iniga\OneDrive\Escritorio\it1.2\Rides24\src\main\resources\rides.temp' is opened by 21056@inigo7

[2025-03-31 12:34:51 #2 type.registry] 
New type domain.Driver

[2025-03-31 12:34:51 #3 type] 
Type domain.Driver is not enhanced.

[2025-03-31 12:34:51 #4 type.registry] 
New type domain.Vehicle

[2025-03-31 12:34:51 #5 type.registry] 
New type domain.Ride

[2025-03-31 12:34:51 #6 type] 
Type domain.Vehicle is not enhanced.

[2025-03-31 12:34:51 #7 type] 
Type domain.Ride is not enhanced.

[2025-03-31 12:34:51 #8 type.registry] 
New type domain.User

[2025-03-31 12:34:51 #9 type.registry] 
New type domain.Reservation

[2025-03-31 12:34:51 #10 type] 
Type domain.User is not enhanced.

[2025-03-31 12:34:51 #11 type.registry] 
New type domain.Rating

[2025-03-31 12:34:51 #12 type] 
Type domain.Reservation is not enhanced.

[2025-03-31 12:34:51 #13 type.registry] 
New type domain.ReservationStatus

[2025-03-31 12:34:51 #14 type] 
Type domain.Rating is not enhanced.

[2025-03-31 12:34:51 #15 type.registry] 
New type java.util.Vector<java.lang.Object>

[2025-03-31 12:34:51 #16 type.registry] 
New type java.util.ArrayList<java.lang.Object>

[2025-03-31 12:34:51 #17 type.registry] 
New type java.util.Vector<domain.Ride>

[2025-03-31 12:34:51 #18 type.registry] 
New type java.util.ArrayList<domain.Reservation>

[2025-03-31 12:35:05 #19 type.registry] 
New type java.util.ArrayList<domain.Ride>

[2025-03-31 12:35:05 #20 type.registry] 
New type java.util.ArrayList<domain.Rating>

[2025-03-31 12:35:22 #21 type.registry] 
New type com.objectdb.o.LMT

[2025-03-31 12:35:22 #22 type.registry] 
New type com.objectdb.o.VAL

[2025-03-31 12:35:22 #23 type.registry] 
New type com.objectdb.o.RFV

------------------------------------------------------------------------------------------------------------------------

[2025-03-31 12:40:11 #1 store] 
Database 'C:\Users\iniga\OneDrive\Escritorio\it1.2\Rides24\src\main\resources\rides.temp' is opened by 11676@inigo7

[2025-03-31 12:40:12 #2 type.registry] 
New type domain.Driver

[2025-03-31 12:40:12 #3 type] 
Type domain.Driver is not enhanced.

[2025-03-31 12:40:12 #4 type.registry] 
New type domain.Vehicle

[2025-03-31 12:40:12 #5 type.registry] 
New type domain.Ride

[2025-03-31 12:40:12 #6 type] 
Type domain.Vehicle is not enhanced.

[2025-03-31 12:40:12 #7 type] 
Type domain.Ride is not enhanced.

[2025-03-31 12:40:12 #8 type.registry] 
New type domain.User

[2025-03-31 12:40:12 #9 type.registry] 
New type domain.Reservation

[2025-03-31 12:40:12 #10 type] 
Type domain.User is not enhanced.

[2025-03-31 12:40:12 #11 type.registry] 
New type domain.Rating

[2025-03-31 12:40:12 #12 type] 
Type domain.Reservation is not enhanced.

[2025-03-31 12:40:12 #13 type.registry] 
New type domain.ReservationStatus

[2025-03-31 12:40:12 #14 type] 
Type domain.Rating is not enhanced.

[2025-03-31 12:40:12 #15 type.registry] 
New type java.util.Vector<java.lang.Object>

[2025-03-31 12:40:12 #16 type.registry] 
New type java.util.ArrayList<java.lang.Object>

[2025-03-31 12:40:12 #17 type.registry] 
New type java.util.Vector<domain.Ride>

[2025-03-31 12:40:12 #18 type.registry] 
New type java.util.ArrayList<domain.Reservation>

[2025-03-31 12:40:24 #19 type.registry] 
New type java.util.ArrayList<domain.Ride>

[2025-03-31 12:40:24 #20 type.registry] 
New type java.util.ArrayList<domain.Rating>

[2025-03-31 12:40:43 #21 type.registry] 
New type com.objectdb.o.LMT

[2025-03-31 12:40:43 #22 type.registry] 
New type com.objectdb.o.VAL

[2025-03-31 12:40:43 #23 type.registry] 
New type com.objectdb.o.RFV

------------------------------------------------------------------------------------------------------------------------

[2025-03-31 12:48:19 #1 store] 
Database 'C:\Users\iniga\OneDrive\Escritorio\it1.2\Rides24\src\main\resources\rides.temp' is opened by 22360@inigo7

[2025-03-31 12:48:19 #2 type.registry] 
New type domain.Driver

[2025-03-31 12:48:19 #3 type] 
Type domain.Driver is not enhanced.

[2025-03-31 12:48:19 #4 type.registry] 
New type domain.Vehicle

[2025-03-31 12:48:19 #5 type.registry] 
New type domain.Ride

[2025-03-31 12:48:19 #6 type] 
Type domain.Vehicle is not enhanced.

[2025-03-31 12:48:19 #7 type] 
Type domain.Ride is not enhanced.

[2025-03-31 12:48:19 #8 type.registry] 
New type domain.User

[2025-03-31 12:48:19 #9 type.registry] 
New type domain.Reservation

[2025-03-31 12:48:19 #10 type] 
Type domain.User is not enhanced.

[2025-03-31 12:48:19 #11 type.registry] 
New type domain.Rating

[2025-03-31 12:48:19 #12 type] 
Type domain.Reservation is not enhanced.

[2025-03-31 12:48:19 #13 type.registry] 
New type domain.ReservationStatus

[2025-03-31 12:48:19 #14 type] 
Type domain.Rating is not enhanced.

[2025-03-31 12:48:19 #15 type.registry] 
New type java.util.Vector<java.lang.Object>

[2025-03-31 12:48:19 #16 type.registry] 
New type java.util.ArrayList<java.lang.Object>

[2025-03-31 12:48:19 #17 type.registry] 
New type java.util.Vector<domain.Ride>

[2025-03-31 12:48:19 #18 type.registry] 
New type java.util.ArrayList<domain.Reservation>

[2025-03-31 12:48:30 #19 type.registry] 
New type java.util.ArrayList<domain.Ride>

[2025-03-31 12:48:30 #20 type.registry] 
New type java.util.ArrayList<domain.Rating>

[2025-03-31 12:48:48 #21 type.registry] 
New type com.objectdb.o.LMT

[2025-03-31 12:48:48 #22 type.registry] 
New type com.objectdb.o.VAL

[2025-03-31 12:48:48 #23 type.registry] 
New type com.objectdb.o.RFV

------------------------------------------------------------------------------------------------------------------------

[2025-03-31 12:58:28 #1 store] 
Database 'C:\Users\iniga\OneDrive\Escritorio\it1.2\Rides24\src\main\resources\rides.temp' is opened by 1772@inigo7

[2025-03-31 12:58:28 #2 type.registry] 
New type domain.Driver

[2025-03-31 12:58:28 #3 type] 
Type domain.Driver is not enhanced.

[2025-03-31 12:58:28 #4 type.registry] 
New type domain.Vehicle

[2025-03-31 12:58:28 #5 type.registry] 
New type domain.Ride

[2025-03-31 12:58:28 #6 type] 
Type domain.Vehicle is not enhanced.

[2025-03-31 12:58:28 #7 type] 
Type domain.Ride is not enhanced.

[2025-03-31 12:58:28 #8 type.registry] 
New type domain.User

[2025-03-31 12:58:28 #9 type.registry] 
New type domain.Reservation

[2025-03-31 12:58:28 #10 type] 
Type domain.User is not enhanced.

[2025-03-31 12:58:28 #11 type.registry] 
New type domain.Rating

[2025-03-31 12:58:28 #12 type] 
Type domain.Reservation is not enhanced.

[2025-03-31 12:58:28 #13 type.registry] 
New type domain.ReservationStatus

[2025-03-31 12:58:28 #14 type] 
Type domain.Rating is not enhanced.

[2025-03-31 12:58:28 #15 type.registry] 
New type java.util.Vector<java.lang.Object>

[2025-03-31 12:58:28 #16 type.registry] 
New type java.util.ArrayList<java.lang.Object>

[2025-03-31 12:58:28 #17 type.registry] 
New type java.util.Vector<domain.Ride>

[2025-03-31 12:58:28 #18 type.registry] 
New type java.util.ArrayList<domain.Reservation>

[2025-03-31 12:58:42 #19 type.registry] 
New type java.util.ArrayList<domain.Ride>

[2025-03-31 12:58:42 #20 type.registry] 
New type java.util.ArrayList<domain.Rating>

[2025-03-31 12:59:00 #21 type.registry] 
New type com.objectdb.o.LMT

[2025-03-31 12:59:00 #22 type.registry] 
New type com.objectdb.o.VAL

[2025-03-31 12:59:00 #23 type.registry] 
New type com.objectdb.o.RFV

------------------------------------------------------------------------------------------------------------------------

[2025-03-31 13:04:10 #1 store] 
Database 'C:\Users\iniga\OneDrive\Escritorio\it1.2\Rides24\src\main\resources\rides.temp' is opened by 15080@inigo7

[2025-03-31 13:04:10 #2 type.registry] 
New type domain.Driver

[2025-03-31 13:04:10 #3 type] 
Type domain.Driver is not enhanced.

[2025-03-31 13:04:10 #4 type.registry] 
New type domain.Vehicle

[2025-03-31 13:04:10 #5 type.registry] 
New type domain.Ride

[2025-03-31 13:04:10 #6 type] 
Type domain.Vehicle is not enhanced.

[2025-03-31 13:04:10 #7 type] 
Type domain.Ride is not enhanced.

[2025-03-31 13:04:10 #8 type.registry] 
New type domain.User

[2025-03-31 13:04:10 #9 type.registry] 
New type domain.Reservation

[2025-03-31 13:04:10 #10 type] 
Type domain.User is not enhanced.

[2025-03-31 13:04:10 #11 type.registry] 
New type domain.Rating

[2025-03-31 13:04:10 #12 type] 
Type domain.Reservation is not enhanced.

[2025-03-31 13:04:10 #13 type.registry] 
New type domain.ReservationStatus

[2025-03-31 13:04:10 #14 type] 
Type domain.Rating is not enhanced.

[2025-03-31 13:04:10 #15 type.registry] 
New type java.util.Vector<java.lang.Object>

[2025-03-31 13:04:10 #16 type.registry] 
New type java.util.ArrayList<java.lang.Object>

[2025-03-31 13:04:10 #17 type.registry] 
New type java.util.Vector<domain.Ride>

[2025-03-31 13:04:10 #18 type.registry] 
New type java.util.ArrayList<domain.Reservation>

[2025-03-31 13:04:27 #19 type.registry] 
New type java.util.ArrayList<domain.Ride>

[2025-03-31 13:04:27 #20 type.registry] 
New type java.util.ArrayList<domain.Rating>

[2025-03-31 13:04:48 #21 type.registry] 
New type com.objectdb.o.LMT

[2025-03-31 13:04:48 #22 type.registry] 
New type com.objectdb.o.VAL

[2025-03-31 13:04:48 #23 type.registry] 
New type com.objectdb.o.RFV

------------------------------------------------------------------------------------------------------------------------

[2025-03-31 13:09:14 #1 store] 
Database 'C:\Users\iniga\OneDrive\Escritorio\it1.2\Rides24\src\main\resources\rides.temp' is opened by 2204@inigo7

[2025-03-31 13:09:14 #2 type.registry] 
New type domain.Driver

[2025-03-31 13:09:14 #3 type] 
Type domain.Driver is not enhanced.

[2025-03-31 13:09:14 #4 type.registry] 
New type domain.Vehicle

[2025-03-31 13:09:14 #5 type.registry] 
New type domain.Ride

[2025-03-31 13:09:14 #6 type] 
Type domain.Vehicle is not enhanced.

[2025-03-31 13:09:14 #7 type] 
Type domain.Ride is not enhanced.

[2025-03-31 13:09:14 #8 type.registry] 
New type domain.User

[2025-03-31 13:09:14 #9 type.registry] 
New type domain.Reservation

[2025-03-31 13:09:14 #10 type] 
Type domain.User is not enhanced.

[2025-03-31 13:09:14 #11 type.registry] 
New type domain.Rating

[2025-03-31 13:09:14 #12 type] 
Type domain.Reservation is not enhanced.

[2025-03-31 13:09:14 #13 type.registry] 
New type domain.ReservationStatus

[2025-03-31 13:09:14 #14 type] 
Type domain.Rating is not enhanced.

[2025-03-31 13:09:14 #15 type.registry] 
New type java.util.Vector<java.lang.Object>

[2025-03-31 13:09:14 #16 type.registry] 
New type java.util.ArrayList<java.lang.Object>

[2025-03-31 13:09:14 #17 type.registry] 
New type java.util.Vector<domain.Ride>

[2025-03-31 13:09:14 #18 type.registry] 
New type java.util.ArrayList<domain.Reservation>

[2025-03-31 13:09:25 #19 type.registry] 
New type java.util.ArrayList<domain.Ride>

[2025-03-31 13:09:25 #20 type.registry] 
New type java.util.ArrayList<domain.Rating>

[2025-03-31 13:09:42 #21 type.registry] 
New type com.objectdb.o.LMT

[2025-03-31 13:09:42 #22 type.registry] 
New type com.objectdb.o.VAL

[2025-03-31 13:09:42 #23 type.registry] 
New type com.objectdb.o.RFV

------------------------------------------------------------------------------------------------------------------------

[2025-03-31 13:26:01 #1 store] 
Database 'C:\Users\iniga\OneDrive\Escritorio\it1.2\Rides24\src\main\resources\rides.temp' is opened by 3460@inigo7

[2025-03-31 13:26:01 #2 type.registry] 
New type domain.User

[2025-03-31 13:26:01 #3 type.registry] 
New type domain.Driver

[2025-03-31 13:26:01 #4 type] 
Type domain.User is not enhanced.

[2025-03-31 13:26:01 #5 type.registry] 
New type domain.Rating

[2025-03-31 13:26:01 #6 type.registry] 
New type domain.Reservation

[2025-03-31 13:26:01 #7 type.registry] 
New type domain.Ride

[2025-03-31 13:26:01 #8 type] 
Type domain.Driver is not enhanced.

[2025-03-31 13:26:01 #9 type.registry] 
New type domain.Vehicle

[2025-03-31 13:26:01 #10 type] 
Type domain.Rating is not enhanced.

[2025-03-31 13:26:01 #11 type] 
Type domain.Reservation is not enhanced.

[2025-03-31 13:26:01 #12 type.registry] 
New type domain.ReservationStatus

[2025-03-31 13:26:01 #13 type] 
Type domain.Ride is not enhanced.

[2025-03-31 13:26:01 #14 type] 
Type domain.Vehicle is not enhanced.

[2025-03-31 13:26:01 #15 type.registry] 
New type java.util.ArrayList<java.lang.Object>

[2025-03-31 13:26:01 #16 type.registry] 
New type java.util.Vector<java.lang.Object>

[2025-03-31 13:26:01 #17 type.registry] 
New type java.util.ArrayList<domain.Ride>

[2025-03-31 13:26:01 #18 type.registry] 
New type java.util.Vector<domain.Ride>

[2025-03-31 13:26:01 #19 type.registry] 
New type java.util.ArrayList<domain.Reservation>

[2025-03-31 13:26:01 #20 type.registry] 
New type java.util.ArrayList<domain.Rating>

------------------------------------------------------------------------------------------------------------------------

[2025-03-31 13:31:42 #1 store] 
Database 'C:\Users\iniga\OneDrive\Escritorio\it1.2\Rides24\src\main\resources\rides.temp' is opened by 21844@inigo7

[2025-03-31 13:31:42 #2 type.registry] 
New type domain.Driver

[2025-03-31 13:31:42 #3 type] 
Type domain.Driver is not enhanced.

[2025-03-31 13:31:42 #4 type.registry] 
New type domain.Vehicle

[2025-03-31 13:31:42 #5 type.registry] 
New type domain.Ride

[2025-03-31 13:31:42 #6 type] 
Type domain.Vehicle is not enhanced.

[2025-03-31 13:31:42 #7 type] 
Type domain.Ride is not enhanced.

[2025-03-31 13:31:42 #8 type.registry] 
New type domain.User

[2025-03-31 13:31:42 #9 type.registry] 
New type domain.Reservation

[2025-03-31 13:31:42 #10 type] 
Type domain.User is not enhanced.

[2025-03-31 13:31:42 #11 type.registry] 
New type domain.Rating

[2025-03-31 13:31:42 #12 type] 
Type domain.Reservation is not enhanced.

[2025-03-31 13:31:42 #13 type.registry] 
New type domain.ReservationStatus

[2025-03-31 13:31:42 #14 type] 
Type domain.Rating is not enhanced.

[2025-03-31 13:31:42 #15 type.registry] 
New type java.util.Vector<java.lang.Object>

[2025-03-31 13:31:42 #16 type.registry] 
New type java.util.ArrayList<java.lang.Object>

[2025-03-31 13:31:42 #17 type.registry] 
New type java.util.Vector<domain.Ride>

[2025-03-31 13:31:42 #18 type.registry] 
New type java.util.ArrayList<domain.Reservation>

[2025-03-31 13:32:09 #19 type.registry] 
New type java.util.ArrayList<domain.Ride>

[2025-03-31 13:32:09 #20 type.registry] 
New type java.util.ArrayList<domain.Rating>

[2025-03-31 13:32:27 #21 type.registry] 
New type com.objectdb.o.LMT

[2025-03-31 13:32:27 #22 type.registry] 
New type com.objectdb.o.VAL

[2025-03-31 13:32:27 #23 type.registry] 
New type com.objectdb.o.RFV

------------------------------------------------------------------------------------------------------------------------

[2025-03-31 13:34:05 #1 store] 
Database 'C:\Users\iniga\OneDrive\Escritorio\it1.2\Rides24\src\main\resources\rides.temp' is opened by 20376@inigo7

[2025-03-31 13:34:05 #2 type.registry] 
New type domain.Driver

[2025-03-31 13:34:05 #3 type] 
Type domain.Driver is not enhanced.

[2025-03-31 13:34:05 #4 type.registry] 
New type domain.Vehicle

[2025-03-31 13:34:05 #5 type.registry] 
New type domain.Ride

[2025-03-31 13:34:05 #6 type] 
Type domain.Vehicle is not enhanced.

[2025-03-31 13:34:05 #7 type] 
Type domain.Ride is not enhanced.

[2025-03-31 13:34:05 #8 type.registry] 
New type domain.User

[2025-03-31 13:34:05 #9 type.registry] 
New type domain.Reservation

[2025-03-31 13:34:05 #10 type] 
Type domain.User is not enhanced.

[2025-03-31 13:34:05 #11 type.registry] 
New type domain.Rating

[2025-03-31 13:34:05 #12 type] 
Type domain.Reservation is not enhanced.

[2025-03-31 13:34:05 #13 type.registry] 
New type domain.ReservationStatus

[2025-03-31 13:34:05 #14 type] 
Type domain.Rating is not enhanced.

[2025-03-31 13:34:05 #15 type.registry] 
New type java.util.Vector<java.lang.Object>

[2025-03-31 13:34:05 #16 type.registry] 
New type java.util.ArrayList<java.lang.Object>

[2025-03-31 13:34:05 #17 type.registry] 
New type java.util.Vector<domain.Ride>

[2025-03-31 13:34:05 #18 type.registry] 
New type java.util.ArrayList<domain.Reservation>

[2025-03-31 13:34:17 #19 type.registry] 
New type java.util.ArrayList<domain.Ride>

[2025-03-31 13:34:17 #20 type.registry] 
New type java.util.ArrayList<domain.Rating>

[2025-03-31 13:34:34 #21 type.registry] 
New type com.objectdb.o.LMT

[2025-03-31 13:34:34 #22 type.registry] 
New type com.objectdb.o.VAL

[2025-03-31 13:34:34 #23 type.registry] 
New type com.objectdb.o.RFV

